// Jest Snapshot v1, https://goo.gl/fbAQLP

exports[`Footer component render snapshot 1`] = `undefined`;
