// Jest Snapshot v1, https://goo.gl/fbAQLP

exports[`Intro component renders snapshot 1`] = `undefined`;
