// Jest Snapshot v1, https://goo.gl/fbAQLP

exports[`LoadingSpinner component render snapshot 1`] = `undefined`;
